Component: ARM Compiler 5.06 update 6 (build 750) Tool: armlink [4d35ed]

==============================================================================

Section Cross References

    joystick.o(i.Joystick_Center_Pressed) refers to gpio.o(i.GPIO_PIN_Read) for GPIO_PIN_Read
    joystick.o(i.Joystick_Down_Pressed) refers to gpio.o(i.GPIO_PIN_Read) for GPIO_PIN_Read
    joystick.o(i.Joystick_Init) refers to gpio.o(i.GPIO_DIR_Write) for GPIO_DIR_Write
    joystick.o(i.Joystick_Left_Pressed) refers to gpio.o(i.GPIO_PIN_Read) for GPIO_PIN_Read
    joystick.o(i.Joystick_Right_Pressed) refers to gpio.o(i.GPIO_PIN_Read) for GPIO_PIN_Read
    joystick.o(i.Joystick_Up_Pressed) refers to gpio.o(i.GPIO_PIN_Read) for GPIO_PIN_Read
    led.o(i.LED1_Init) refers to gpio.o(i.GPIO_DIR_Write) for GPIO_DIR_Write
    led.o(i.LED1_Off) refers to gpio.o(i.GPIO_PIN_Write) for GPIO_PIN_Write
    led.o(i.LED1_On) refers to gpio.o(i.GPIO_PIN_Write) for GPIO_PIN_Write
    led.o(i.LED2_Init) refers to gpio.o(i.GPIO_DIR_Write) for GPIO_DIR_Write
    led.o(i.LED2_Off) refers to gpio.o(i.GPIO_PIN_Write) for GPIO_PIN_Write
    led.o(i.LED2_On) refers to gpio.o(i.GPIO_PIN_Write) for GPIO_PIN_Write
    led.o(i.LED3_Init) refers to gpio.o(i.GPIO_DIR_Write) for GPIO_DIR_Write
    led.o(i.LED3_Off) refers to gpio.o(i.GPIO_PIN_Write) for GPIO_PIN_Write
    led.o(i.LED3_On) refers to gpio.o(i.GPIO_PIN_Write) for GPIO_PIN_Write
    led.o(i.LED4_Init) refers to gpio.o(i.GPIO_DIR_Write) for GPIO_DIR_Write
    led.o(i.LED4_Off) refers to gpio.o(i.GPIO_PIN_Write) for GPIO_PIN_Write
    led.o(i.LED4_On) refers to gpio.o(i.GPIO_PIN_Write) for GPIO_PIN_Write
    led.o(i.LED_Init) refers to led.o(i.LED1_Init) for LED1_Init
    led.o(i.LED_Init) refers to led.o(i.LED2_Init) for LED2_Init
    led.o(i.LED_Init) refers to led.o(i.LED3_Init) for LED3_Init
    led.o(i.LED_Init) refers to led.o(i.LED4_Init) for LED4_Init
    led.o(i.LED_OFF) refers to led.o(i.LED1_Off) for LED1_Off
    led.o(i.LED_OFF) refers to led.o(i.LED2_Off) for LED2_Off
    led.o(i.LED_OFF) refers to led.o(i.LED3_Off) for LED3_Off
    led.o(i.LED_OFF) refers to led.o(i.LED4_Off) for LED4_Off
    led.o(i.LED_ON) refers to led.o(i.LED1_On) for LED1_On
    led.o(i.LED_ON) refers to led.o(i.LED2_On) for LED2_On
    led.o(i.LED_ON) refers to led.o(i.LED3_On) for LED3_On
    led.o(i.LED_ON) refers to led.o(i.LED4_On) for LED4_On
    pwm.o(i.PWM_Init) refers to pwm.o(i.PWM_Write) for PWM_Write
    ultrasonic.o(i.TIMER3_IRQHandler) refers to ultrasonic.o(i.__NVIC_ClearPendingIRQ) for __NVIC_ClearPendingIRQ
    ultrasonic.o(i.TIMER3_IRQHandler) refers to ultrasonic.o(.data) for ultrasonicSensorEdgeCount
    ultrasonic.o(i.Ulrasonic_Start_Trigger) refers to ultrasonic.o(.data) for ultrasonicSensorEdgeCount
    ultrasonic.o(i.Ultrasonic_Capture_Timer_Init) refers to ultrasonic.o(i.__NVIC_ClearPendingIRQ) for __NVIC_ClearPendingIRQ
    main.o(i.init) refers to pwm.o(i.PWM_Init) for PWM_Init
    main.o(i.init) refers to joystick.o(i.Joystick_Init) for Joystick_Init
    main.o(i.init) refers to main.o(i.Motor_Init) for Motor_Init
    main.o(i.init) refers to timer.o(i.speed_init) for speed_init
    main.o(i.init) refers to timer.o(i.Timer_Init) for Timer_Init
    main.o(i.main) refers to main.o(i.init) for init
    main.o(i.main) refers to main.o(i.motor_stop) for motor_stop
    main.o(i.main) refers to main.o(i.update) for update
    main.o(i.motor_backward) refers to gpio.o(i.GPIO_PIN_Write) for GPIO_PIN_Write
    main.o(i.motor_backward) refers to pwm.o(i.PWM_Write) for PWM_Write
    main.o(i.motor_ccw) refers to gpio.o(i.GPIO_PIN_Write) for GPIO_PIN_Write
    main.o(i.motor_ccw) refers to pwm.o(i.PWM_Write) for PWM_Write
    main.o(i.motor_cw) refers to gpio.o(i.GPIO_PIN_Write) for GPIO_PIN_Write
    main.o(i.motor_cw) refers to pwm.o(i.PWM_Write) for PWM_Write
    main.o(i.motor_forward) refers to gpio.o(i.GPIO_PIN_Write) for GPIO_PIN_Write
    main.o(i.motor_forward) refers to pwm.o(i.PWM_Write) for PWM_Write
    main.o(i.motor_stop) refers to pwm.o(i.PWM_Write) for PWM_Write
    main.o(i.motor_stop) refers to gpio.o(i.GPIO_PIN_Write) for GPIO_PIN_Write
    main.o(i.speed_calc1) refers to main.o(i.motor_stop) for motor_stop
    main.o(i.speed_calc1) refers to main.o(.data) for old1
    main.o(i.speed_calc2) refers to main.o(i.motor_stop) for motor_stop
    main.o(i.speed_calc2) refers to main.o(.data) for old2
    main.o(i.update) refers to main.o(i.speed_calc1) for speed_calc1
    main.o(i.update) refers to main.o(i.speed_calc2) for speed_calc2
    main.o(i.update) refers to wait.o(i.wait) for wait
    main.o(i.update) refers to joystick.o(i.Joystick_Up_Pressed) for Joystick_Up_Pressed
    main.o(i.update) refers to main.o(i.motor_forward) for motor_forward
    main.o(i.update) refers to joystick.o(i.Joystick_Center_Pressed) for Joystick_Center_Pressed
    main.o(i.update) refers to main.o(i.motor_stop) for motor_stop
    main.o(i.update) refers to joystick.o(i.Joystick_Left_Pressed) for Joystick_Left_Pressed
    main.o(i.update) refers to main.o(i.motor_ccw) for motor_ccw
    main.o(i.update) refers to joystick.o(i.Joystick_Down_Pressed) for Joystick_Down_Pressed
    main.o(i.update) refers to main.o(i.motor_backward) for motor_backward
    main.o(i.update) refers to joystick.o(i.Joystick_Right_Pressed) for Joystick_Right_Pressed
    main.o(i.update) refers to main.o(i.motor_cw) for motor_cw
    main.o(i.update) refers to main.o(.data) for TURN_RIGHT_FLAG
    startup_lpc407x_8x_177x_8x.o(RESET) refers to startup_lpc407x_8x_177x_8x.o(STACK) for __initial_sp
    startup_lpc407x_8x_177x_8x.o(RESET) refers to startup_lpc407x_8x_177x_8x.o(.text) for Reset_Handler
    startup_lpc407x_8x_177x_8x.o(RESET) refers to ultrasonic.o(i.TIMER3_IRQHandler) for TIMER3_IRQHandler
    startup_lpc407x_8x_177x_8x.o(.text) refers to system_lpc407x_8x_177x_8x.o(i.SystemInit) for SystemInit
    startup_lpc407x_8x_177x_8x.o(.text) refers to entry.o(.ARM.Collect$$$$00000000) for __main
    system_lpc407x_8x_177x_8x.o(i.SystemCoreClockUpdate) refers to system_lpc407x_8x_177x_8x.o(.data) for SystemCoreClock
    system_lpc407x_8x_177x_8x.o(i.SystemInit) refers to system_lpc407x_8x_177x_8x.o(i.fpu_init) for fpu_init
    system_lpc407x_8x_177x_8x.o(i.SystemInit) refers to system_lpc407x_8x_177x_8x.o(i.SystemCoreClockUpdate) for SystemCoreClockUpdate
    system_lpc407x_8x_177x_8x.o(i.SystemInit) refers to system_lpc407x_8x_177x_8x.o(i.SystemInit_ExtMemCtl) for SystemInit_ExtMemCtl
    system_lpc407x_8x_177x_8x.o(i.SystemInit_ExtMemCtl) refers to system_lpc407x_8x_177x_8x.o(i._DelayMs) for _DelayMs
    system_lpc407x_8x_177x_8x.o(i._DelayMs) refers to system_lpc407x_8x_177x_8x.o(.data) for SystemCoreClock
    entry.o(.ARM.Collect$$$$00000000) refers (Special) to entry10a.o(.ARM.Collect$$$$0000000D) for __rt_final_cpp
    entry.o(.ARM.Collect$$$$00000000) refers (Special) to entry11a.o(.ARM.Collect$$$$0000000F) for __rt_final_exit
    entry.o(.ARM.Collect$$$$00000000) refers (Special) to entry7b.o(.ARM.Collect$$$$00000008) for _main_clock
    entry.o(.ARM.Collect$$$$00000000) refers (Special) to entry8b.o(.ARM.Collect$$$$0000000A) for _main_cpp_init
    entry.o(.ARM.Collect$$$$00000000) refers (Special) to entry9a.o(.ARM.Collect$$$$0000000B) for _main_init
    entry.o(.ARM.Collect$$$$00000000) refers (Special) to entry5.o(.ARM.Collect$$$$00000004) for _main_scatterload
    entry.o(.ARM.Collect$$$$00000000) refers (Special) to entry2.o(.ARM.Collect$$$$00000001) for _main_stk
    entry2.o(.ARM.Collect$$$$00000001) refers to entry2.o(.ARM.Collect$$$$00002712) for __lit__00000000
    entry2.o(.ARM.Collect$$$$00002712) refers to startup_lpc407x_8x_177x_8x.o(STACK) for __initial_sp
    entry2.o(__vectab_stack_and_reset_area) refers to startup_lpc407x_8x_177x_8x.o(STACK) for __initial_sp
    entry2.o(__vectab_stack_and_reset_area) refers to entry.o(.ARM.Collect$$$$00000000) for __main
    entry5.o(.ARM.Collect$$$$00000004) refers to init.o(.text) for __scatterload
    entry9a.o(.ARM.Collect$$$$0000000B) refers to main.o(i.main) for main
    entry9b.o(.ARM.Collect$$$$0000000C) refers to main.o(i.main) for main
    init.o(.text) refers to entry5.o(.ARM.Collect$$$$00000004) for __main_after_scatterload


==============================================================================

Removing Unused input sections from the image.

    Removing joystick.o(.rev16_text), (4 bytes).
    Removing joystick.o(.revsh_text), (4 bytes).
    Removing joystick.o(.rrx_text), (6 bytes).
    Removing led.o(.rev16_text), (4 bytes).
    Removing led.o(.revsh_text), (4 bytes).
    Removing led.o(.rrx_text), (6 bytes).
    Removing led.o(i.LED1_Init), (20 bytes).
    Removing led.o(i.LED1_Off), (20 bytes).
    Removing led.o(i.LED1_On), (20 bytes).
    Removing led.o(i.LED2_Init), (20 bytes).
    Removing led.o(i.LED2_Off), (20 bytes).
    Removing led.o(i.LED2_On), (20 bytes).
    Removing led.o(i.LED3_Init), (20 bytes).
    Removing led.o(i.LED3_Off), (20 bytes).
    Removing led.o(i.LED3_On), (20 bytes).
    Removing led.o(i.LED4_Init), (20 bytes).
    Removing led.o(i.LED4_Off), (20 bytes).
    Removing led.o(i.LED4_On), (20 bytes).
    Removing led.o(i.LED_Init), (20 bytes).
    Removing led.o(i.LED_OFF), (20 bytes).
    Removing led.o(i.LED_ON), (20 bytes).
    Removing gpio.o(.rev16_text), (4 bytes).
    Removing gpio.o(.revsh_text), (4 bytes).
    Removing gpio.o(.rrx_text), (6 bytes).
    Removing pwm.o(.rev16_text), (4 bytes).
    Removing pwm.o(.revsh_text), (4 bytes).
    Removing pwm.o(.rrx_text), (6 bytes).
    Removing pwm.o(i.LED_Blink), (32 bytes).
    Removing timer.o(.rev16_text), (4 bytes).
    Removing timer.o(.revsh_text), (4 bytes).
    Removing timer.o(.rrx_text), (6 bytes).
    Removing ultrasonic.o(.rev16_text), (4 bytes).
    Removing ultrasonic.o(.revsh_text), (4 bytes).
    Removing ultrasonic.o(.rrx_text), (6 bytes).
    Removing ultrasonic.o(i.Ulrasonic_Start_Trigger), (12 bytes).
    Removing ultrasonic.o(i.Ultrasonic_Capture_Timer_Init), (156 bytes).
    Removing ultrasonic.o(i.Ultrasonic_Trigger_Timer_Init), (2 bytes).
    Removing wait.o(.rev16_text), (4 bytes).
    Removing wait.o(.revsh_text), (4 bytes).
    Removing wait.o(.rrx_text), (6 bytes).
    Removing wait.o(i.waitMicroseconds), (18 bytes).
    Removing main.o(.rev16_text), (4 bytes).
    Removing main.o(.revsh_text), (4 bytes).
    Removing main.o(.rrx_text), (6 bytes).
    Removing startup_lpc407x_8x_177x_8x.o(HEAP), (0 bytes).
    Removing system_lpc407x_8x_177x_8x.o(.rev16_text), (4 bytes).
    Removing system_lpc407x_8x_177x_8x.o(.revsh_text), (4 bytes).
    Removing system_lpc407x_8x_177x_8x.o(.rrx_text), (6 bytes).

48 unused section(s) (total 646 bytes) removed from the image.

==============================================================================

Image Symbol Table

    Local Symbols

    Symbol Name                              Value     Ov Type        Size  Object(Section)

    RESET                                    0x00000000   Section      228  startup_lpc407x_8x_177x_8x.o(RESET)
    ../clib/microlib/init/entry.s            0x00000000   Number         0  entry8b.o ABSOLUTE
    ../clib/microlib/init/entry.s            0x00000000   Number         0  entry8a.o ABSOLUTE
    ../clib/microlib/init/entry.s            0x00000000   Number         0  entry7b.o ABSOLUTE
    ../clib/microlib/init/entry.s            0x00000000   Number         0  entry7a.o ABSOLUTE
    ../clib/microlib/init/entry.s            0x00000000   Number         0  entry5.o ABSOLUTE
    ../clib/microlib/init/entry.s            0x00000000   Number         0  entry2.o ABSOLUTE
    ../clib/microlib/init/entry.s            0x00000000   Number         0  entry10a.o ABSOLUTE
    ../clib/microlib/init/entry.s            0x00000000   Number         0  entry.o ABSOLUTE
    ../clib/microlib/init/entry.s            0x00000000   Number         0  entry11b.o ABSOLUTE
    ../clib/microlib/init/entry.s            0x00000000   Number         0  entry11a.o ABSOLUTE
    ../clib/microlib/init/entry.s            0x00000000   Number         0  entry10b.o ABSOLUTE
    ../clib/microlib/init/entry.s            0x00000000   Number         0  entry9b.o ABSOLUTE
    ../clib/microlib/init/entry.s            0x00000000   Number         0  entry9a.o ABSOLUTE
    Library\GPIO.c                           0x00000000   Number         0  gpio.o ABSOLUTE
    Library\Joystick.c                       0x00000000   Number         0  joystick.o ABSOLUTE
    Library\LED.c                            0x00000000   Number         0  led.o ABSOLUTE
    Library\PWM.c                            0x00000000   Number         0  pwm.o ABSOLUTE
    Library\Timer.c                          0x00000000   Number         0  timer.o ABSOLUTE
    Library\Ultrasonic.c                     0x00000000   Number         0  ultrasonic.o ABSOLUTE
    Library\Wait.c                           0x00000000   Number         0  wait.o ABSOLUTE
    Library\\GPIO.c                          0x00000000   Number         0  gpio.o ABSOLUTE
    Library\\Joystick.c                      0x00000000   Number         0  joystick.o ABSOLUTE
    Library\\LED.c                           0x00000000   Number         0  led.o ABSOLUTE
    Library\\PWM.c                           0x00000000   Number         0  pwm.o ABSOLUTE
    Library\\Timer.c                         0x00000000   Number         0  timer.o ABSOLUTE
    Library\\Ultrasonic.c                    0x00000000   Number         0  ultrasonic.o ABSOLUTE
    Library\\Wait.c                          0x00000000   Number         0  wait.o ABSOLUTE
    RTE\Device\LPC4088FET208\startup_LPC407x_8x_177x_8x.s 0x00000000   Number         0  startup_lpc407x_8x_177x_8x.o ABSOLUTE
    RTE\Device\LPC4088FET208\system_LPC407x_8x_177x_8x.c 0x00000000   Number         0  system_lpc407x_8x_177x_8x.o ABSOLUTE
    RTE\\Device\\LPC4088FET208\\system_LPC407x_8x_177x_8x.c 0x00000000   Number         0  system_lpc407x_8x_177x_8x.o ABSOLUTE
    dc.s                                     0x00000000   Number         0  dc.o ABSOLUTE
    handlers.s                               0x00000000   Number         0  handlers.o ABSOLUTE
    init.s                                   0x00000000   Number         0  init.o ABSOLUTE
    main.c                                   0x00000000   Number         0  main.o ABSOLUTE
    main.c                                   0x00000000   Number         0  main.o ABSOLUTE
    .ARM.Collect$$$$00000000                 0x000000e4   Section        0  entry.o(.ARM.Collect$$$$00000000)
    .ARM.Collect$$$$00000001                 0x000000e4   Section        4  entry2.o(.ARM.Collect$$$$00000001)
    .ARM.Collect$$$$00000004                 0x000000e8   Section        4  entry5.o(.ARM.Collect$$$$00000004)
    .ARM.Collect$$$$00000008                 0x000000ec   Section        0  entry7b.o(.ARM.Collect$$$$00000008)
    .ARM.Collect$$$$0000000A                 0x000000ec   Section        0  entry8b.o(.ARM.Collect$$$$0000000A)
    .ARM.Collect$$$$0000000B                 0x000000ec   Section        8  entry9a.o(.ARM.Collect$$$$0000000B)
    .ARM.Collect$$$$0000000D                 0x000000f4   Section        0  entry10a.o(.ARM.Collect$$$$0000000D)
    .ARM.Collect$$$$0000000F                 0x000000f4   Section        0  entry11a.o(.ARM.Collect$$$$0000000F)
    .ARM.Collect$$$$00002712                 0x000000f4   Section        4  entry2.o(.ARM.Collect$$$$00002712)
    __lit__00000000                          0x000000f4   Data           4  entry2.o(.ARM.Collect$$$$00002712)
    .text                                    0x000000f8   Section       36  startup_lpc407x_8x_177x_8x.o(.text)
    $v0                                      0x000000f8   Number         0  startup_lpc407x_8x_177x_8x.o(.text)
    .text                                    0x0000011c   Section       36  init.o(.text)
    i.GPIO_DIR_Write                         0x00000140   Section        0  gpio.o(i.GPIO_DIR_Write)
    i.GPIO_PIN_Read                          0x00000152   Section        0  gpio.o(i.GPIO_PIN_Read)
    i.GPIO_PIN_Write                         0x0000015c   Section        0  gpio.o(i.GPIO_PIN_Write)
    i.Joystick_Center_Pressed                0x00000170   Section        0  joystick.o(i.Joystick_Center_Pressed)
    i.Joystick_Down_Pressed                  0x00000188   Section        0  joystick.o(i.Joystick_Down_Pressed)
    i.Joystick_Init                          0x000001a0   Section        0  joystick.o(i.Joystick_Init)
    i.Joystick_Left_Pressed                  0x00000200   Section        0  joystick.o(i.Joystick_Left_Pressed)
    i.Joystick_Right_Pressed                 0x00000218   Section        0  joystick.o(i.Joystick_Right_Pressed)
    i.Joystick_Up_Pressed                    0x00000230   Section        0  joystick.o(i.Joystick_Up_Pressed)
    i.Motor_Init                             0x00000248   Section        0  main.o(i.Motor_Init)
    i.TIMER3_IRQHandler                      0x000002a0   Section        0  ultrasonic.o(i.TIMER3_IRQHandler)
    i._DelayMs                               0x000002d0   Section        0  system_lpc407x_8x_177x_8x.o(i._DelayMs)
    _DelayMs                                 0x000002d1   Thumb Code    38  system_lpc407x_8x_177x_8x.o(i._DelayMs)
    .ARM.__at_0x02FC                         0x000002fc   Section        4  startup_lpc407x_8x_177x_8x.o(.ARM.__at_0x02FC)
    i.PWM_Init                               0x00000300   Section        0  pwm.o(i.PWM_Init)
    i.PWM_Write                              0x000003f4   Section        0  pwm.o(i.PWM_Write)
    i.SystemCoreClockUpdate                  0x00000468   Section        0  system_lpc407x_8x_177x_8x.o(i.SystemCoreClockUpdate)
    i.SystemInit                             0x0000073c   Section        0  system_lpc407x_8x_177x_8x.o(i.SystemInit)
    i.SystemInit_ExtMemCtl                   0x0000082c   Section        0  system_lpc407x_8x_177x_8x.o(i.SystemInit_ExtMemCtl)
    i.Timer_Init                             0x00000a24   Section        0  timer.o(i.Timer_Init)
    i.__NVIC_ClearPendingIRQ                 0x00000aec   Section        0  ultrasonic.o(i.__NVIC_ClearPendingIRQ)
    __NVIC_ClearPendingIRQ                   0x00000aed   Thumb Code    22  ultrasonic.o(i.__NVIC_ClearPendingIRQ)
    i.__scatterload_copy                     0x00000b08   Section       14  handlers.o(i.__scatterload_copy)
    i.__scatterload_null                     0x00000b16   Section        2  handlers.o(i.__scatterload_null)
    i.__scatterload_zeroinit                 0x00000b18   Section       14  handlers.o(i.__scatterload_zeroinit)
    i.fpu_init                               0x00000b28   Section        0  system_lpc407x_8x_177x_8x.o(i.fpu_init)
    i.init                                   0x00000b78   Section        0  main.o(i.init)
    i.main                                   0x00000b90   Section        0  main.o(i.main)
    i.motor_backward                         0x00000ba0   Section        0  main.o(i.motor_backward)
    i.motor_ccw                              0x00000bec   Section        0  main.o(i.motor_ccw)
    i.motor_cw                               0x00000c38   Section        0  main.o(i.motor_cw)
    i.motor_forward                          0x00000c84   Section        0  main.o(i.motor_forward)
    i.motor_stop                             0x00000cd0   Section        0  main.o(i.motor_stop)
    i.speed_calc1                            0x00000d20   Section        0  main.o(i.speed_calc1)
    i.speed_calc2                            0x00000e00   Section        0  main.o(i.speed_calc2)
    i.speed_init                             0x00000ed8   Section        0  timer.o(i.speed_init)
    i.update                                 0x00000f08   Section        0  main.o(i.update)
    i.wait                                   0x0000113c   Section        0  wait.o(i.wait)
    .data                                    0x10000000   Section       20  ultrasonic.o(.data)
    .data                                    0x10000018   Section       68  main.o(.data)
    .data                                    0x1000005c   Section       16  system_lpc407x_8x_177x_8x.o(.data)
    STACK                                    0x10000070   Section     1024  startup_lpc407x_8x_177x_8x.o(STACK)

    Global Symbols

    Symbol Name                              Value     Ov Type        Size  Object(Section)

    BuildAttributes$$THM_ISAv4$E$P$D$K$B$S$7EM$VFPi3$EXTD16$VFPS$VFMA$PE$A:L22UL41UL21$X:L11$S22US41US21$IEEE1$IW$USESV6$~STKCKD$USESV7$~SHL$OSPACE$EBA8$MICROLIB$REQ8$PRES8$EABIv2 0x00000000   Number         0  anon$$obj.o ABSOLUTE
    __ARM_use_no_argv                        0x00000000   Number         0  main.o ABSOLUTE
    __Vectors                                0x00000000   Data           4  startup_lpc407x_8x_177x_8x.o(RESET)
    __cpp_initialize__aeabi_                  - Undefined Weak Reference
    __cxa_finalize                            - Undefined Weak Reference
    __decompress                              - Undefined Weak Reference
    _clock_init                               - Undefined Weak Reference
    _microlib_exit                            - Undefined Weak Reference
    __main                                   0x000000e5   Thumb Code     0  entry.o(.ARM.Collect$$$$00000000)
    _main_stk                                0x000000e5   Thumb Code     0  entry2.o(.ARM.Collect$$$$00000001)
    _main_scatterload                        0x000000e9   Thumb Code     0  entry5.o(.ARM.Collect$$$$00000004)
    __main_after_scatterload                 0x000000ed   Thumb Code     0  entry5.o(.ARM.Collect$$$$00000004)
    _main_clock                              0x000000ed   Thumb Code     0  entry7b.o(.ARM.Collect$$$$00000008)
    _main_cpp_init                           0x000000ed   Thumb Code     0  entry8b.o(.ARM.Collect$$$$0000000A)
    _main_init                               0x000000ed   Thumb Code     0  entry9a.o(.ARM.Collect$$$$0000000B)
    __rt_final_cpp                           0x000000f5   Thumb Code     0  entry10a.o(.ARM.Collect$$$$0000000D)
    __rt_final_exit                          0x000000f5   Thumb Code     0  entry11a.o(.ARM.Collect$$$$0000000F)
    Reset_Handler                            0x000000f9   Thumb Code     8  startup_lpc407x_8x_177x_8x.o(.text)
    NMI_Handler                              0x00000101   Thumb Code     2  startup_lpc407x_8x_177x_8x.o(.text)
    HardFault_Handler                        0x00000103   Thumb Code     2  startup_lpc407x_8x_177x_8x.o(.text)
    MemManage_Handler                        0x00000105   Thumb Code     2  startup_lpc407x_8x_177x_8x.o(.text)
    BusFault_Handler                         0x00000107   Thumb Code     2  startup_lpc407x_8x_177x_8x.o(.text)
    UsageFault_Handler                       0x00000109   Thumb Code     2  startup_lpc407x_8x_177x_8x.o(.text)
    SVC_Handler                              0x0000010b   Thumb Code     2  startup_lpc407x_8x_177x_8x.o(.text)
    DebugMon_Handler                         0x0000010d   Thumb Code     2  startup_lpc407x_8x_177x_8x.o(.text)
    PendSV_Handler                           0x0000010f   Thumb Code     2  startup_lpc407x_8x_177x_8x.o(.text)
    SysTick_Handler                          0x00000111   Thumb Code     2  startup_lpc407x_8x_177x_8x.o(.text)
    ADC_IRQHandler                           0x00000113   Thumb Code     0  startup_lpc407x_8x_177x_8x.o(.text)
    BOD_IRQHandler                           0x00000113   Thumb Code     0  startup_lpc407x_8x_177x_8x.o(.text)
    CANActivity_IRQHandler                   0x00000113   Thumb Code     0  startup_lpc407x_8x_177x_8x.o(.text)
    CAN_IRQHandler                           0x00000113   Thumb Code     0  startup_lpc407x_8x_177x_8x.o(.text)
    DMA_IRQHandler                           0x00000113   Thumb Code     0  startup_lpc407x_8x_177x_8x.o(.text)
    EEPROM_IRQHandler                        0x00000113   Thumb Code     0  startup_lpc407x_8x_177x_8x.o(.text)
    EINT0_IRQHandler                         0x00000113   Thumb Code     0  startup_lpc407x_8x_177x_8x.o(.text)
    EINT1_IRQHandler                         0x00000113   Thumb Code     0  startup_lpc407x_8x_177x_8x.o(.text)
    EINT2_IRQHandler                         0x00000113   Thumb Code     0  startup_lpc407x_8x_177x_8x.o(.text)
    EINT3_IRQHandler                         0x00000113   Thumb Code     0  startup_lpc407x_8x_177x_8x.o(.text)
    ENET_IRQHandler                          0x00000113   Thumb Code     0  startup_lpc407x_8x_177x_8x.o(.text)
    GPIO_IRQHandler                          0x00000113   Thumb Code     0  startup_lpc407x_8x_177x_8x.o(.text)
    I2C0_IRQHandler                          0x00000113   Thumb Code     0  startup_lpc407x_8x_177x_8x.o(.text)
    I2C1_IRQHandler                          0x00000113   Thumb Code     0  startup_lpc407x_8x_177x_8x.o(.text)
    I2C2_IRQHandler                          0x00000113   Thumb Code     0  startup_lpc407x_8x_177x_8x.o(.text)
    I2S_IRQHandler                           0x00000113   Thumb Code     0  startup_lpc407x_8x_177x_8x.o(.text)
    LCD_IRQHandler                           0x00000113   Thumb Code     0  startup_lpc407x_8x_177x_8x.o(.text)
    MCI_IRQHandler                           0x00000113   Thumb Code     0  startup_lpc407x_8x_177x_8x.o(.text)
    MCPWM_IRQHandler                         0x00000113   Thumb Code     0  startup_lpc407x_8x_177x_8x.o(.text)
    PLL0_IRQHandler                          0x00000113   Thumb Code     0  startup_lpc407x_8x_177x_8x.o(.text)
    PLL1_IRQHandler                          0x00000113   Thumb Code     0  startup_lpc407x_8x_177x_8x.o(.text)
    PWM0_IRQHandler                          0x00000113   Thumb Code     0  startup_lpc407x_8x_177x_8x.o(.text)
    PWM1_IRQHandler                          0x00000113   Thumb Code     0  startup_lpc407x_8x_177x_8x.o(.text)
    QEI_IRQHandler                           0x00000113   Thumb Code     0  startup_lpc407x_8x_177x_8x.o(.text)
    RTC_IRQHandler                           0x00000113   Thumb Code     0  startup_lpc407x_8x_177x_8x.o(.text)
    SSP0_IRQHandler                          0x00000113   Thumb Code     0  startup_lpc407x_8x_177x_8x.o(.text)
    SSP1_IRQHandler                          0x00000113   Thumb Code     0  startup_lpc407x_8x_177x_8x.o(.text)
    SSP2_IRQHandler                          0x00000113   Thumb Code     0  startup_lpc407x_8x_177x_8x.o(.text)
    TIMER0_IRQHandler                        0x00000113   Thumb Code     0  startup_lpc407x_8x_177x_8x.o(.text)
    TIMER1_IRQHandler                        0x00000113   Thumb Code     0  startup_lpc407x_8x_177x_8x.o(.text)
    TIMER2_IRQHandler                        0x00000113   Thumb Code     0  startup_lpc407x_8x_177x_8x.o(.text)
    UART0_IRQHandler                         0x00000113   Thumb Code     0  startup_lpc407x_8x_177x_8x.o(.text)
    UART1_IRQHandler                         0x00000113   Thumb Code     0  startup_lpc407x_8x_177x_8x.o(.text)
    UART2_IRQHandler                         0x00000113   Thumb Code     0  startup_lpc407x_8x_177x_8x.o(.text)
    UART3_IRQHandler                         0x00000113   Thumb Code     0  startup_lpc407x_8x_177x_8x.o(.text)
    UART4_IRQHandler                         0x00000113   Thumb Code     0  startup_lpc407x_8x_177x_8x.o(.text)
    USBActivity_IRQHandler                   0x00000113   Thumb Code     0  startup_lpc407x_8x_177x_8x.o(.text)
    USB_IRQHandler                           0x00000113   Thumb Code     0  startup_lpc407x_8x_177x_8x.o(.text)
    WDT_IRQHandler                           0x00000113   Thumb Code     0  startup_lpc407x_8x_177x_8x.o(.text)
    __scatterload                            0x0000011d   Thumb Code    28  init.o(.text)
    __scatterload_rt2                        0x0000011d   Thumb Code     0  init.o(.text)
    GPIO_DIR_Write                           0x00000141   Thumb Code    18  gpio.o(i.GPIO_DIR_Write)
    GPIO_PIN_Read                            0x00000153   Thumb Code    10  gpio.o(i.GPIO_PIN_Read)
    GPIO_PIN_Write                           0x0000015d   Thumb Code    18  gpio.o(i.GPIO_PIN_Write)
    Joystick_Center_Pressed                  0x00000171   Thumb Code    20  joystick.o(i.Joystick_Center_Pressed)
    Joystick_Down_Pressed                    0x00000189   Thumb Code    20  joystick.o(i.Joystick_Down_Pressed)
    Joystick_Init                            0x000001a1   Thumb Code    82  joystick.o(i.Joystick_Init)
    Joystick_Left_Pressed                    0x00000201   Thumb Code    20  joystick.o(i.Joystick_Left_Pressed)
    Joystick_Right_Pressed                   0x00000219   Thumb Code    20  joystick.o(i.Joystick_Right_Pressed)
    Joystick_Up_Pressed                      0x00000231   Thumb Code    20  joystick.o(i.Joystick_Up_Pressed)
    Motor_Init                               0x00000249   Thumb Code    78  main.o(i.Motor_Init)
    TIMER3_IRQHandler                        0x000002a1   Thumb Code    44  ultrasonic.o(i.TIMER3_IRQHandler)
    PWM_Init                                 0x00000301   Thumb Code   222  pwm.o(i.PWM_Init)
    PWM_Write                                0x000003f5   Thumb Code   112  pwm.o(i.PWM_Write)
    SystemCoreClockUpdate                    0x00000469   Thumb Code   696  system_lpc407x_8x_177x_8x.o(i.SystemCoreClockUpdate)
    SystemInit                               0x0000073d   Thumb Code   224  system_lpc407x_8x_177x_8x.o(i.SystemInit)
    SystemInit_ExtMemCtl                     0x0000082d   Thumb Code   468  system_lpc407x_8x_177x_8x.o(i.SystemInit_ExtMemCtl)
    Timer_Init                               0x00000a25   Thumb Code   188  timer.o(i.Timer_Init)
    __scatterload_copy                       0x00000b09   Thumb Code    14  handlers.o(i.__scatterload_copy)
    __scatterload_null                       0x00000b17   Thumb Code     2  handlers.o(i.__scatterload_null)
    __scatterload_zeroinit                   0x00000b19   Thumb Code    14  handlers.o(i.__scatterload_zeroinit)
    fpu_init                                 0x00000b29   Thumb Code    62  system_lpc407x_8x_177x_8x.o(i.fpu_init)
    init                                     0x00000b79   Thumb Code    24  main.o(i.init)
    main                                     0x00000b91   Thumb Code    16  main.o(i.main)
    motor_backward                           0x00000ba1   Thumb Code    70  main.o(i.motor_backward)
    motor_ccw                                0x00000bed   Thumb Code    70  main.o(i.motor_ccw)
    motor_cw                                 0x00000c39   Thumb Code    70  main.o(i.motor_cw)
    motor_forward                            0x00000c85   Thumb Code    70  main.o(i.motor_forward)
    motor_stop                               0x00000cd1   Thumb Code    74  main.o(i.motor_stop)
    speed_calc1                              0x00000d21   Thumb Code   194  main.o(i.speed_calc1)
    speed_calc2                              0x00000e01   Thumb Code   188  main.o(i.speed_calc2)
    speed_init                               0x00000ed9   Thumb Code    40  timer.o(i.speed_init)
    update                                   0x00000f09   Thumb Code   524  main.o(i.update)
    wait                                     0x0000113d   Thumb Code    20  wait.o(i.wait)
    Region$$Table$$Base                      0x00001150   Number         0  anon$$obj.o(Region$$Table)
    Region$$Table$$Limit                     0x00001170   Number         0  anon$$obj.o(Region$$Table)
    ultrasonicSensorEdgeCount                0x10000000   Data           1  ultrasonic.o(.data)
    ultrasonicSensorRisingTime               0x10000004   Data           4  ultrasonic.o(.data)
    ultrasonicSensorFallingTime              0x10000008   Data           4  ultrasonic.o(.data)
    ultrasonicSensorDuration                 0x1000000c   Data           4  ultrasonic.o(.data)
    ultrasonicSensorDistance                 0x10000010   Data           4  ultrasonic.o(.data)
    old1                                     0x10000018   Data           4  main.o(.data)
    new1                                     0x1000001c   Data           4  main.o(.data)
    count1                                   0x10000020   Data           4  main.o(.data)
    speed1                                   0x10000024   Data           4  main.o(.data)
    old2                                     0x10000028   Data           4  main.o(.data)
    new2                                     0x1000002c   Data           4  main.o(.data)
    count2                                   0x10000030   Data           4  main.o(.data)
    speed2                                   0x10000034   Data           4  main.o(.data)
    start_t                                  0x10000038   Data           8  main.o(.data)
    TURN_LEFT_FLAG                           0x10000040   Data           4  main.o(.data)
    TURN_RIGHT_FLAG                          0x10000044   Data           4  main.o(.data)
    BACKWARD_FLAG                            0x10000048   Data           4  main.o(.data)
    FORWARD_FLAG                             0x1000004c   Data           4  main.o(.data)
    isFirst                                  0x10000050   Data           4  main.o(.data)
    isRightOpen                              0x10000054   Data           4  main.o(.data)
    isLeftOpen                               0x10000058   Data           4  main.o(.data)
    SystemCoreClock                          0x1000005c   Data           4  system_lpc407x_8x_177x_8x.o(.data)
    PeripheralClock                          0x10000060   Data           4  system_lpc407x_8x_177x_8x.o(.data)
    EMCClock                                 0x10000064   Data           4  system_lpc407x_8x_177x_8x.o(.data)
    USBClock                                 0x10000068   Data           4  system_lpc407x_8x_177x_8x.o(.data)
    __initial_sp                             0x10000470   Data           0  startup_lpc407x_8x_177x_8x.o(STACK)



==============================================================================

Memory Map of the image

  Image Entry point : 0x000000f9

  Load Region LR_1 (Base: 0x00000000, Size: 0x000011dc, Max: 0xffffffff, ABSOLUTE)

    Execution Region ER_RO (Exec base: 0x00000000, Load base: 0x00000000, Size: 0x00001170, Max: 0xffffffff, ABSOLUTE)

    Exec Addr    Load Addr    Size         Type   Attr      Idx    E Section Name        Object

    0x00000000   0x00000000   0x000000e4   Data   RO          530    RESET               startup_lpc407x_8x_177x_8x.o
    0x000000e4   0x000000e4   0x00000000   Code   RO          591  * .ARM.Collect$$$$00000000  mc_w.l(entry.o)
    0x000000e4   0x000000e4   0x00000004   Code   RO          594    .ARM.Collect$$$$00000001  mc_w.l(entry2.o)
    0x000000e8   0x000000e8   0x00000004   Code   RO          597    .ARM.Collect$$$$00000004  mc_w.l(entry5.o)
    0x000000ec   0x000000ec   0x00000000   Code   RO          599    .ARM.Collect$$$$00000008  mc_w.l(entry7b.o)
    0x000000ec   0x000000ec   0x00000000   Code   RO          601    .ARM.Collect$$$$0000000A  mc_w.l(entry8b.o)
    0x000000ec   0x000000ec   0x00000008   Code   RO          602    .ARM.Collect$$$$0000000B  mc_w.l(entry9a.o)
    0x000000f4   0x000000f4   0x00000000   Code   RO          604    .ARM.Collect$$$$0000000D  mc_w.l(entry10a.o)
    0x000000f4   0x000000f4   0x00000000   Code   RO          606    .ARM.Collect$$$$0000000F  mc_w.l(entry11a.o)
    0x000000f4   0x000000f4   0x00000004   Code   RO          595    .ARM.Collect$$$$00002712  mc_w.l(entry2.o)
    0x000000f8   0x000000f8   0x00000024   Code   RO          532  * .text               startup_lpc407x_8x_177x_8x.o
    0x0000011c   0x0000011c   0x00000024   Code   RO          608    .text               mc_w.l(init.o)
    0x00000140   0x00000140   0x00000012   Code   RO          204    i.GPIO_DIR_Write    gpio.o
    0x00000152   0x00000152   0x0000000a   Code   RO          205    i.GPIO_PIN_Read     gpio.o
    0x0000015c   0x0000015c   0x00000012   Code   RO          206    i.GPIO_PIN_Write    gpio.o
    0x0000016e   0x0000016e   0x00000002   PAD
    0x00000170   0x00000170   0x00000018   Code   RO            4    i.Joystick_Center_Pressed  joystick.o
    0x00000188   0x00000188   0x00000018   Code   RO            5    i.Joystick_Down_Pressed  joystick.o
    0x000001a0   0x000001a0   0x00000060   Code   RO            6    i.Joystick_Init     joystick.o
    0x00000200   0x00000200   0x00000018   Code   RO            7    i.Joystick_Left_Pressed  joystick.o
    0x00000218   0x00000218   0x00000018   Code   RO            8    i.Joystick_Right_Pressed  joystick.o
    0x00000230   0x00000230   0x00000018   Code   RO            9    i.Joystick_Up_Pressed  joystick.o
    0x00000248   0x00000248   0x00000058   Code   RO          409    i.Motor_Init        main.o
    0x000002a0   0x000002a0   0x00000030   Code   RO          319    i.TIMER3_IRQHandler  ultrasonic.o
    0x000002d0   0x000002d0   0x0000002c   Code   RO          544    i._DelayMs          system_lpc407x_8x_177x_8x.o
    0x000002fc   0x000002fc   0x00000004   Code   RO          531    .ARM.__at_0x02FC    startup_lpc407x_8x_177x_8x.o
    0x00000300   0x00000300   0x000000f4   Code   RO          241    i.PWM_Init          pwm.o
    0x000003f4   0x000003f4   0x00000074   Code   RO          242    i.PWM_Write         pwm.o
    0x00000468   0x00000468   0x000002d4   Code   RO          541    i.SystemCoreClockUpdate  system_lpc407x_8x_177x_8x.o
    0x0000073c   0x0000073c   0x000000f0   Code   RO          542    i.SystemInit        system_lpc407x_8x_177x_8x.o
    0x0000082c   0x0000082c   0x000001f8   Code   RO          543    i.SystemInit_ExtMemCtl  system_lpc407x_8x_177x_8x.o
    0x00000a24   0x00000a24   0x000000c8   Code   RO          286    i.Timer_Init        timer.o
    0x00000aec   0x00000aec   0x0000001c   Code   RO          323    i.__NVIC_ClearPendingIRQ  ultrasonic.o
    0x00000b08   0x00000b08   0x0000000e   Code   RO          612    i.__scatterload_copy  mc_w.l(handlers.o)
    0x00000b16   0x00000b16   0x00000002   Code   RO          613    i.__scatterload_null  mc_w.l(handlers.o)
    0x00000b18   0x00000b18   0x0000000e   Code   RO          614    i.__scatterload_zeroinit  mc_w.l(handlers.o)
    0x00000b26   0x00000b26   0x00000002   PAD
    0x00000b28   0x00000b28   0x00000050   Code   RO          545    i.fpu_init          system_lpc407x_8x_177x_8x.o
    0x00000b78   0x00000b78   0x00000018   Code   RO          410    i.init              main.o
    0x00000b90   0x00000b90   0x00000010   Code   RO          411    i.main              main.o
    0x00000ba0   0x00000ba0   0x0000004c   Code   RO          412    i.motor_backward    main.o
    0x00000bec   0x00000bec   0x0000004c   Code   RO          413    i.motor_ccw         main.o
    0x00000c38   0x00000c38   0x0000004c   Code   RO          414    i.motor_cw          main.o
    0x00000c84   0x00000c84   0x0000004c   Code   RO          415    i.motor_forward     main.o
    0x00000cd0   0x00000cd0   0x00000050   Code   RO          416    i.motor_stop        main.o
    0x00000d20   0x00000d20   0x000000e0   Code   RO          417    i.speed_calc1       main.o
    0x00000e00   0x00000e00   0x000000d8   Code   RO          418    i.speed_calc2       main.o
    0x00000ed8   0x00000ed8   0x00000030   Code   RO          287    i.speed_init        timer.o
    0x00000f08   0x00000f08   0x00000234   Code   RO          419    i.update            main.o
    0x0000113c   0x0000113c   0x00000014   Code   RO          376    i.wait              wait.o
    0x00001150   0x00001150   0x00000020   Data   RO          610    Region$$Table       anon$$obj.o


    Execution Region ER_RW (Exec base: 0x10000000, Load base: 0x00001170, Size: 0x0000006c, Max: 0xffffffff, ABSOLUTE)

    Exec Addr    Load Addr    Size         Type   Attr      Idx    E Section Name        Object

    0x10000000   0x00001170   0x00000014   Data   RW          324    .data               ultrasonic.o
    0x10000014   0x00001184   0x00000004   PAD
    0x10000018   0x00001188   0x00000044   Data   RW          420    .data               main.o
    0x1000005c   0x000011cc   0x00000010   Data   RW          546    .data               system_lpc407x_8x_177x_8x.o


    Execution Region ER_ZI (Exec base: 0x1000006c, Load base: 0x000011dc, Size: 0x00000404, Max: 0xffffffff, ABSOLUTE)

    Exec Addr    Load Addr    Size         Type   Attr      Idx    E Section Name        Object

    0x1000006c   0x000011dc   0x00000004   PAD
    0x10000070        -       0x00000400   Zero   RW          528    STACK               startup_lpc407x_8x_177x_8x.o


==============================================================================

Image component sizes


      Code (inc. data)   RO Data    RW Data    ZI Data      Debug   Object Name

        46          0          0          0          0       1850   gpio.o
       216         34          0          0          0      30897   joystick.o
      1516        138          0         68          0       6680   main.o
       360         26          0          0          0       1251   pwm.o
        40         12        228          0       1024       1076   startup_lpc407x_8x_177x_8x.o
      1592        104          0         16          0       8595   system_lpc407x_8x_177x_8x.o
       248         20          0          0          0        946   timer.o
        76         10          0         20          0      31628   ultrasonic.o
        20          0          0          0          0        499   wait.o

    ----------------------------------------------------------------------
      4116        344        260        108       1028      83422   Object Totals
         0          0         32          0          0          0   (incl. Generated)
         2          0          0          4          4          0   (incl. Padding)

    ----------------------------------------------------------------------

      Code (inc. data)   RO Data    RW Data    ZI Data      Debug   Library Member Name

         0          0          0          0          0          0   entry.o
         0          0          0          0          0          0   entry10a.o
         0          0          0          0          0          0   entry11a.o
         8          4          0          0          0          0   entry2.o
         4          0          0          0          0          0   entry5.o
         0          0          0          0          0          0   entry7b.o
         0          0          0          0          0          0   entry8b.o
         8          4          0          0          0          0   entry9a.o
        30          0          0          0          0          0   handlers.o
        36          8          0          0          0         68   init.o

    ----------------------------------------------------------------------
        88         16          0          0          0         68   Library Totals
         2          0          0          0          0          0   (incl. Padding)

    ----------------------------------------------------------------------

      Code (inc. data)   RO Data    RW Data    ZI Data      Debug   Library Name

        86         16          0          0          0         68   mc_w.l

    ----------------------------------------------------------------------
        88         16          0          0          0         68   Library Totals

    ----------------------------------------------------------------------

==============================================================================


      Code (inc. data)   RO Data    RW Data    ZI Data      Debug   

      4204        360        260        108       1028      80894   Grand Totals
      4204        360        260        108       1028      80894   ELF Image Totals
      4204        360        260        108          0          0   ROM Totals

==============================================================================

    Total RO  Size (Code + RO Data)                 4464 (   4.36kB)
    Total RW  Size (RW Data + ZI Data)              1136 (   1.11kB)
    Total ROM Size (Code + RO Data + RW Data)       4572 (   4.46kB)

==============================================================================

